// Jest Snapshot v1, https://goo.gl/fbAQLP

exports[`RowUI matches snapshot 1`] = `
<View
  style={
    Object {
      "flex": 1,
      "flexDirection": "row",
      "flexWrap": "wrap",
    }
  }
>
  <View />
  <View />
</View>
`;
